[debug] [2026-06-13T00:44:22.116Z] ----------------------------------------------------------------------
[debug] [2026-06-13T00:44:22.118Z] Command:       C:\Program Files\nodejs\node.exe C:\Users\HENNA_d7bp1ln\AppData\Roaming\npm\node_modules\firebase-tools\lib\bin\firebase.js use --add
[debug] [2026-06-13T00:44:22.118Z] CLI Version:   15.15.0
[debug] [2026-06-13T00:44:22.118Z] Platform:      win32
[debug] [2026-06-13T00:44:22.119Z] Node Version:  v24.12.0
[debug] [2026-06-13T00:44:22.119Z] Time:          Sat Jun 13 2026 09:44:22 GMT+0900 (日本標準時)
[debug] [2026-06-13T00:44:22.119Z] ----------------------------------------------------------------------
[debug] 
[debug] [2026-06-13T00:44:22.310Z] > command requires scopes: ["email","openid","https://www.googleapis.com/auth/cloudplatformprojects.readonly","https://www.googleapis.com/auth/firebase","https://www.googleapis.com/auth/cloud-platform"]
[debug] [2026-06-13T00:44:22.310Z] > authorizing via signed-in user (kapukapukawai@gmail.com)
[debug] [2026-06-13T00:44:22.311Z] Checked if tokens are valid: true, expires at: 1781315025119
[debug] [2026-06-13T00:44:22.311Z] Checked if tokens are valid: true, expires at: 1781315025119
[debug] [2026-06-13T00:44:22.312Z] >>> [apiv2][query] GET https://firebase.googleapis.com/v1beta1/projects pageSize=1000
[debug] [2026-06-13T00:44:22.926Z] <<< [apiv2][status] GET https://firebase.googleapis.com/v1beta1/projects 200
[debug] [2026-06-13T00:44:22.926Z] <<< [apiv2][body] GET https://firebase.googleapis.com/v1beta1/projects [omitted]
[debug] [2026-06-13T00:44:23.043Z] ValidationError: [select prompt] No selectable choices. All choices are disabled.
    at C:\Users\HENNA_d7bp1ln\AppData\Roaming\npm\node_modules\firebase-tools\node_modules\@inquirer\select\dist\commonjs\index.js:67:19
    at C:\Users\HENNA_d7bp1ln\AppData\Roaming\npm\node_modules\firebase-tools\node_modules\@inquirer\core\dist\commonjs\lib\use-memo.js:11:27
    at withPointer (C:\Users\HENNA_d7bp1ln\AppData\Roaming\npm\node_modules\firebase-tools\node_modules\@inquirer\core\dist\commonjs\lib\hook-engine.js:79:25)
    at useMemo (C:\Users\HENNA_d7bp1ln\AppData\Roaming\npm\node_modules\firebase-tools\node_modules\@inquirer\core\dist\commonjs\lib\use-memo.js:6:45)
    at C:\Users\HENNA_d7bp1ln\AppData\Roaming\npm\node_modules\firebase-tools\node_modules\@inquirer\select\dist\commonjs\index.js:63:39
    at C:\Users\HENNA_d7bp1ln\AppData\Roaming\npm\node_modules\firebase-tools\node_modules\@inquirer\core\dist\commonjs\lib\create-prompt.js:120:38
    at store.handleChange (C:\Users\HENNA_d7bp1ln\AppData\Roaming\npm\node_modules\firebase-tools\node_modules\@inquirer\core\dist\commonjs\lib\hook-engine.js:31:17)
    at cycle (C:\Users\HENNA_d7bp1ln\AppData\Roaming\npm\node_modules\firebase-tools\node_modules\@inquirer\core\dist\commonjs\lib\hook-engine.js:33:19)
    at C:\Users\HENNA_d7bp1ln\AppData\Roaming\npm\node_modules\firebase-tools\node_modules\@inquirer\core\dist\commonjs\lib\create-prompt.js:118:13
    at C:\Users\HENNA_d7bp1ln\AppData\Roaming\npm\node_modules\firebase-tools\node_modules\@inquirer\core\dist\commonjs\lib\hook-engine.js:35:16
[error] 
[error] Error: An unexpected error has occurred.
